ASxxxx Linker V03.00 + NoICE + sdld,  page 1.
Hexadecimal  [32-Bits]

Area                                    Addr        Size        Decimal Bytes (Attributes)
--------------------------------        ----        ----        ------- ----- ------------
.  .ABS.                            00000000    00000000 =           0. bytes (ABS,CON)

      Value  Global                              Global Defined In Module
      -----  --------------------------------   ------------------------
     00000000  .__.ABS.                           cpct_easytilemaps
     00000000  l__CABS                         
     00000000  l__DABS                         
     00000000  l__GSFINAL                      
     00000000  l__GSINIT                       
     00000000  l__HOME                         
     00000000  l__INITIALIZED                  
     00000000  l__INITIALIZER                  
     00000000  s__CABS                         
     00000000  s__DABS                         
     0000023D  l__DATA                         
     000021A5  l__CODE                         
     00004000  s__CODE                         
     000061A5  s__DATA                         
     000063E2  s__GSFINAL                      
     000063E2  s__GSINIT                       
     000063E2  s__HOME                         
     000063E2  s__INITIALIZED                  
     000063E2  s__INITIALIZER                  

ASxxxx Linker V03.00 + NoICE + sdld,  page 2.
Hexadecimal  [32-Bits]

Area                                    Addr        Size        Decimal Bytes (Attributes)
--------------------------------        ----        ----        ------- ----- ------------
_CODE                               00004000    000021A5 =        8613. bytes (REL,CON)

      Value  Global                              Global Defined In Module
      -----  --------------------------------   ------------------------
     00004000  _map                               court
     0000418C  _PALETTE2                          tiles
     0000419C  _tiles                             tiles
     0000424C  _tiles_00                          tiles
     0000426C  _tiles_01                          tiles
     0000428C  _tiles_02                          tiles
     000042AC  _tiles_03                          tiles
     000042CC  _tiles_04                          tiles
     000042EC  _tiles_05                          tiles
     0000430C  _tiles_06                          tiles
     0000432C  _tiles_07                          tiles
     0000434C  _tiles_08                          tiles
     0000436C  _tiles_09                          tiles
     0000438C  _tiles_10                          tiles
     000043AC  _tiles_11                          tiles
     000043CC  _tiles_12                          tiles
     000043EC  _tiles_13                          tiles
     0000440C  _tiles_14                          tiles
     0000442C  _tiles_15                          tiles
     0000444C  _tiles_16                          tiles
     0000446C  _tiles_17                          tiles
     0000448C  _tiles_18                          tiles
     000044AC  _tiles_19                          tiles
     000044CC  _tiles_20                          tiles
     000044EC  _tiles_21                          tiles
     0000450C  _tiles_22                          tiles
     0000452C  _tiles_23                          tiles
     0000454C  _tiles_24                          tiles
     0000456C  _tiles_25                          tiles
     0000458C  _tiles_26                          tiles
     000045AC  _tiles_27                          tiles
     000045CC  _tiles_28                          tiles
     000045EC  _tiles_29                          tiles
     0000460C  _tiles_30                          tiles
     0000462C  _tiles_31                          tiles
     0000464C  _tiles_32                          tiles
     0000466C  _tiles_33                          tiles
     0000468C  _tiles_34                          tiles
     000046AC  _tiles_35                          tiles
     000046CC  _tiles_36                          tiles
     000046EC  _tiles_37                          tiles
     0000470C  _tiles_38                          tiles
     0000472C  _tiles_39                          tiles
     0000474C  _tiles_40                          tiles
     0000476C  _tiles_41                          tiles
     0000478C  _tiles_42                          tiles
     000047AC  _tiles_43                          tiles
     000047CC  _tiles_44                          tiles
     000047EC  _tiles_45                          tiles
     0000480C  _tiles_46                          tiles
ASxxxx Linker V03.00 + NoICE + sdld,  page 3.
Hexadecimal  [32-Bits]

Area                                    Addr        Size        Decimal Bytes (Attributes)
--------------------------------        ----        ----        ------- ----- ------------
_CODE                               00004000    000021A5 =        8613. bytes (REL,CON)

      Value  Global                              Global Defined In Module
      -----  --------------------------------   ------------------------
     0000482C  _tiles_47                          tiles
     0000484C  _tiles_48                          tiles
     0000486C  _tiles_49                          tiles
     0000488C  _tiles_50                          tiles
     000048AC  _tiles_51                          tiles
     000048CC  _tiles_52                          tiles
     000048EC  _tiles_53                          tiles
     0000490C  _tiles_54                          tiles
     0000492C  _tiles_55                          tiles
     0000494C  _tiles_56                          tiles
     0000496C  _tiles_57                          tiles
     0000498C  _tiles_58                          tiles
     000049AC  _tiles_59                          tiles
     000049CC  _tiles_60                          tiles
     000049EC  _tiles_61                          tiles
     00004A0C  _tiles_62                          tiles
     00004A2C  _tiles_63                          tiles
     00004A4C  _tiles_64                          tiles
     00004A6C  _tiles_65                          tiles
     00004A8C  _tiles_66                          tiles
     00004AAC  _tiles_67                          tiles
     00004ACC  _tiles_68                          tiles
     00004AEC  _tiles_69                          tiles
     00004B0C  _tiles_70                          tiles
     00004B2C  _tiles_71                          tiles
     00004B4C  _tiles_72                          tiles
     00004B6C  _tiles_73                          tiles
     00004B8C  _tiles_74                          tiles
     00004BAC  _tiles_75                          tiles
     00004BCC  _tiles_76                          tiles
     00004BEC  _tiles_77                          tiles
     00004C0C  _tiles_78                          tiles
     00004C2C  _tiles_79                          tiles
     00004C4C  _tiles_80                          tiles
     00004C6C  _tiles_81                          tiles
     00004C8C  _tiles_82                          tiles
     00004CAC  _tiles_83                          tiles
     00004CCC  _tiles_84                          tiles
     00004CEC  _tiles_85                          tiles
     00004D0C  _tiles_86                          tiles
     00004D2C  _tiles_87                          tiles
     00004D4C  _holePALETTE                       hole
     00004D5C  _hole                              hole
     00004D60  _hole_0                            hole
     00004D80  _hole_1                            hole
     00004DA0  _puertaPALETTE                     puerta
     00004DB0  _puertaSprite                      puerta
     00004DB4  _puertalSprite_0                   puerta
     00004DD4  _puertalSprite_1                   puerta
     00004DF4  _portalPALETTE                     portal
     00004E04  _portalSprite                      portal
ASxxxx Linker V03.00 + NoICE + sdld,  page 4.
Hexadecimal  [32-Bits]

Area                                    Addr        Size        Decimal Bytes (Attributes)
--------------------------------        ----        ----        ------- ----- ------------
_CODE                               00004000    000021A5 =        8613. bytes (REL,CON)

      Value  Global                              Global Defined In Module
      -----  --------------------------------   ------------------------
     00004E08  _portalSprite_0                    portal
     00004E28  _portalSprite_1                    portal
     00004E48  _rockLinealPALETTE                 rockLineal
     00004E58  _rockLineal                        rockLineal
     00004E5C  _rockLineal_0                      rockLineal
     00004E7C  _rockLineal_1                      rockLineal
     00004E9C  _rockInmovilPALETTE                rockInmovil
     00004EAC  _rockInmovil                       rockInmovil
     00004EB0  _rockInmovil_0                     rockInmovil
     00004ED0  _rockInmovil_1                     rockInmovil
     00004EF0  _rockPALETTE                       rock
     00004F00  _rock                              rock
     00004F04  _rock_0                            rock
     00004F24  _rock_1                            rock
     00004F44  _PALETTE                           player
     00004F54  _playerSprite                      player
     00004F58  _playerSprite_0                    player
     00004F78  _playerSprite_1                    player
     00004F98  _main                              main
     00004FAF  _game_palette                      main
     00004FBF  _initGameobjest                    gameObject
     00004FE0  _dibujarGameObject                 gameObject
     000050BD  _limpiarRastro                     gameObject
     000050DC  _moverGameObject                   gameObject
     00005144  _moverElEspejo                     gameObject
     000052BC  _cambiarPosicion                   gameObject
     000052CA  _moverYdibujar                     gameObject
     00005305  _taparHole                         gameObject
     00005382  _moverTipoPlayer                   gameObject
     00005573  _moverTipoRoca                     gameObject
     000057D8  _mover1casilla                     gameObject
     0000581D  _movimientoLineal                  gameObject
     000058C8  _colisionesSiguientePosicion       gameObject
     00005981  _comprobarRocas                    gameObject
     000059CA  _comprobarPortales                 gameObject
     00005ADB  _comprobarPuertas                  gameObject
     00005B20  _crearMapa                         mapa
     00005B3A  _game                              juego
     00005B48  _initGame                          juego
     00005B72  _moverPlayer                       juego
     00005BC0  _createPlayer                      juego
     00005BDA  _createRocas                       juego
     00005C0D  _createRocasEspejo                 juego
     00005C40  _createPortal                      juego
     00005C5F  _createPuerta                      juego
     00005C74  _createHole                        juego
     00005C8E  _dibujarGameObjects                juego
     00005D05  _comprobarMovimiento               juego
     00005D21  _resetGameobjects                  juego
     00005D4B  _crearNivel                        niveles
     00005D53  _scanKey                           input
ASxxxx Linker V03.00 + NoICE + sdld,  page 5.
Hexadecimal  [32-Bits]

Area                                    Addr        Size        Decimal Bytes (Attributes)
--------------------------------        ----        ----        ------- ----- ------------
_CODE                               00004000    000021A5 =        8613. bytes (REL,CON)

      Value  Global                              Global Defined In Module
      -----  --------------------------------   ------------------------
     00005D56  _keyScape                          input
     00005D66  _keyFire                           input
     00005D76  _movimientoPlayer                  input
     00005DC6  _calcularPosicionEnPantalla        fisicas
     00005E0C  _calcularMaximosyMinimos           fisicas
     00005EA5  _comprobarColisiones1vs1           fisicas
     00005ECB  _cpct_isKeyPressed                 cpct_keyboard
     00005ECB  cpct_isKeyPressed_asm              cpct_keyboard
     00005ED7  _cpct_scanKeyboard_f               cpct_keyboard
     00005ED7  cpct_scanKeyboard_f_asm            cpct_keyboard
     00005F41  _cpct_setPalette                   cpct_video
     00005F58  _cpct_drawSprite                   cpct_sprites
     00005FFD  _cpct_etm_drawTilemap4x8_ag        cpct_easytilemaps
     00006007  cpct_etm_dtm4x8_ag_c_widthHeight   cpct_easytilemaps
     0000601D  cpct_etm_dtm4x8_ag_c_tilesetPtr    cpct_easytilemaps
     00006088  cpct_etm_dtm4x8_ag_c_restoreI      cpct_easytilemaps
     0000608E  cpct_etm_dtm4x8_ag_c_incrementHL   cpct_easytilemaps
     00006093  cpct_etm_dtm4x8_ag_c_restoreWidt   cpct_easytilemaps
     00006096  cpct_etm_dtm4x8_ag_c_updateWidth   cpct_easytilemaps
     000060A2  _cpct_keyboardStatusBuffer         cpct_keyboard
     000060AC  _cpct_setVideoMode                 cpct_video
     000060BA  _cpct_disableFirmware              cpct_firmware
     000060BA  _cpct_removeInterruptHandler       cpct_firmware
     000060BA  cpct_disableFirmware_asm           cpct_firmware
     000060BA  cpct_removeInterruptHandler_asm    cpct_firmware
     000060CA  _cpct_drawSolidBox                 cpct_sprites
     00006174  _cpct_mode_rom_status              cpct_firmware
     00006175  _cpct_etm_setDrawTilemap4x8_ag     cpct_easytilemaps
ASxxxx Linker V03.00 + NoICE + sdld,  page 6.
Hexadecimal  [32-Bits]

Area                                    Addr        Size        Decimal Bytes (Attributes)
--------------------------------        ----        ----        ------- ----- ------------
_DATA                               000061A5    0000023D =         573. bytes (REL,CON)

      Value  Global                              Global Defined In Module
      -----  --------------------------------   ------------------------
     000061B3  _player                            juego
     000061B9  _rocas                             juego
     000062A9  _rocasEspejo                       juego
     00006399  _portal                            juego
     000063A5  _puertas                           juego
     000063E1  _posicion                          juego
ASxxxx Linker V03.00 + NoICE + sdld,  page 7.

Files Linked                              [ module(s) ]

obj/mapa/court.rel                        [ court ]
obj/mapa/tiles.rel                        [ tiles ]
obj/sprites/hole.rel                      [ hole ]
obj/sprites/puerta.rel                    [ puerta ]
obj/sprites/portal.rel                    [ portal ]
obj/sprites/rockLineal.rel                [ rockLineal ]
obj/sprites/rockInmovil.rel               [ rockInmovil ]
obj/sprites/rock.rel                      [ rock ]
obj/sprites/player.rel                    [ player ]
obj/constantes.rel                        [ constantes ]
obj/main.rel                              [ main ]
obj/gameObject/gameObject.rel             [ gameObject ]
obj/mapa/mapa.rel                         [ mapa ]
obj/juego/juego.rel                       [ juego ]
obj/niveles/niveles.rel                   [ niveles ]
obj/input/input.rel                       [ input ]
obj/fisicas/fisicas.rel                   [ fisicas ]


Libraries Linked                          [ object file ]

/home/jesus/Escritorio/cpctelera/cpctelera/cpctelera.lib
                                          [ cpct_isKeyPressed.rel ]
/home/jesus/Escritorio/cpctelera/cpctelera/cpctelera.lib
                                          [ cpct_scanKeyboard_f.rel ]
/home/jesus/Escritorio/cpctelera/cpctelera/cpctelera.lib
                                          [ cpct_setPalette_cbindings.rel ]
/home/jesus/Escritorio/cpctelera/cpctelera/cpctelera.lib
                                          [ cpct_drawSprite_cbindings.rel ]
/home/jesus/Escritorio/cpctelera/cpctelera/cpctelera.lib
                                          [ cpct_etm_drawTilemap4x8_ag_cbind ]
/home/jesus/Escritorio/cpctelera/cpctelera/cpctelera.lib
                                          [ keyboard.rel ]
/home/jesus/Escritorio/cpctelera/cpctelera/cpctelera.lib
                                          [ cpct_setVideoMode_cbindings.rel ]
/home/jesus/Escritorio/cpctelera/cpctelera/cpctelera.lib
                                          [ cpct_removeInterruptHandler.rel ]
/home/jesus/Escritorio/cpctelera/cpctelera/cpctelera.lib
                                          [ cpct_drawSolidBox_cbindings.rel ]
/home/jesus/Escritorio/cpctelera/cpctelera/cpctelera.lib
                                          [ cpc_mode_rom_status.rel ]
/home/jesus/Escritorio/cpctelera/cpctelera/cpctelera.lib
                                          [ cpct_etm_setDrawTilemap4x8_ag_cb ]

ASxxxx Linker V03.00 + NoICE + sdld,  page 8.

User Base Address Definitions

_CODE = 0x4000
_DATA = 0x0000

